
> server@1.0.0 build
> tsc

src/controllers/course.controller.ts(386,62): error TS2322: Type 'string | string[] | undefined' is not assignable to type 'string | undefined'.
  Type 'string[]' is not assignable to type 'string'.
src/controllers/course.controller.ts(391,58): error TS2322: Type 'string | string[] | undefined' is not assignable to type 'string'.
  Type 'undefined' is not assignable to type 'string'.
src/controllers/course.controller.ts(396,9): error TS2322: Type 'string | string[] | undefined' is not assignable to type 'string | undefined'.
  Type 'string[]' is not assignable to type 'string'.
src/controllers/course.controller.ts(520,46): error TS2322: Type 'string | string[] | undefined' is not assignable to type 'string | StringFilter<"CourseNote"> | undefined'.
  Type 'string[]' is not assignable to type 'string | StringFilter<"CourseNote"> | undefined'.
src/controllers/message.controller.ts(435,16): error TS2322: Type 'string | string[] | undefined' is not assignable to type 'string | undefined'.
  Type 'string[]' is not assignable to type 'string'.
src/controllers/message.controller.ts(447,16): error TS2322: Type 'string | string[] | undefined' is not assignable to type 'string | undefined'.
  Type 'string[]' is not assignable to type 'string'.
src/controllers/message.controller.ts(565,16): error TS2322: Type 'string | string[] | undefined' is not assignable to type 'string | undefined'.
  Type 'string[]' is not assignable to type 'string'.
src/controllers/message.controller.ts(586,35): error TS2322: Type 'string | string[] | undefined' is not assignable to type 'string'.
  Type 'undefined' is not assignable to type 'string'.
src/controllers/message.controller.ts(588,17): error TS2322: Type 'string | string[] | undefined' is not assignable to type 'string | undefined'.
  Type 'string[]' is not assignable to type 'string'.
src/controllers/message.controller.ts(614,35): error TS2322: Type 'string | string[] | undefined' is not assignable to type 'string'.
  Type 'undefined' is not assignable to type 'string'.
src/controllers/message.controller.ts(614,54): error TS2322: Type 'string | string[] | undefined' is not assignable to type 'string'.
  Type 'undefined' is not assignable to type 'string'.
src/controllers/message.controller.ts(627,16): error TS2322: Type 'string | string[] | undefined' is not assignable to type 'string | undefined'.
  Type 'string[]' is not assignable to type 'string'.
src/controllers/showcase.controller.ts(280,16): error TS2322: Type 'string | string[] | undefined' is not assignable to type 'string | undefined'.
  Type 'string[]' is not assignable to type 'string'.
src/controllers/team.controller.ts(828,51): error TS2322: Type 'string | string[] | undefined' is not assignable to type 'string | undefined'.
  Type 'string[]' is not assignable to type 'string'.
src/services/audit.service.ts(81,15): error TS2532: Object is possibly 'undefined'.
src/services/settings.service.ts(82,11): error TS2322: Type 'boolean' is not assignable to type 'undefined'.
src/services/socket.service.ts(41,13): error TS2538: Type 'undefined' cannot be used as an index type.
src/utils/asset-processor.ts(56,32): error TS2345: Argument of type 'Scene | undefined' is not assignable to parameter of type 'Scene | Node'.
  Type 'undefined' is not assignable to type 'Scene | Node'.
src/utils/email.ts(11,17): error TS2345: Argument of type 'string | undefined' is not assignable to parameter of type 'string | PromiseLike<string>'.
  Type 'undefined' is not assignable to type 'string | PromiseLike<string>'.
src/utils/github.ts(22,16): error TS2532: Object is possibly 'undefined'.
src/utils/github.ts(71,23): error TS2532: Object is possibly 'undefined'.
src/utils/youtube.ts(54,9): error TS2322: Type 'string | undefined' is not assignable to type 'string'.
  Type 'undefined' is not assignable to type 'string'.
